layer at (0,0) size 800x600
  RenderView at (0,0) size 800x600
layer at (0,0) size 800x600
  RenderBlock {HTML} at (0,0) size 800x600
    RenderBody {BODY} at (8,8) size 784x576
      RenderBlock {FORM} at (0,0) size 784x68
        RenderBlock (anonymous) at (0,0) size 784x68
          RenderBlock {INPUT} at (4,3) size 13x13
          RenderInline {B} at (0,0) size 75x19
            RenderText {#text} at (21,1) size 75x19
              text run at (21,1) width 75: "Attach File"
          RenderBR {BR} at (96,16) size 0x0
          RenderBR {BR} at (0,19) size 0x19
          RenderText {#text} at (0,43) size 86x19
            text run at (0,43) width 86: "  Select File:  "
          RenderFileUploadControl {INPUT} at (88,39) size 272x27 "no file selected"
            RenderButton {INPUT} at (0,0) size 92x27 [color=#808080] [bgcolor=#C0C0C0] [border: (2px outset #C0C0C0)]
              RenderBlock (anonymous) at (8,4) size 76x18
                RenderText at (0,0) size 76x19
                  text run at (0,0) width 76: "Choose File"
          RenderBR {BR} at (362,58) size 0x0
        RenderTable {TABLE} at (0,68) size 0x0
