layer at (0,0) size 800x600
  RenderView at (0,0) size 800x600
layer at (0,0) size 800x600
  RenderBlock {HTML} at (0,0) size 800x600
    RenderBody {BODY} at (8,8) size 784x584
      RenderText {#text} at (0,0) size 519x19
        text run at (0,0) width 519: "This tests that we don't honor line-height for controls that have restricted font size. "
      RenderBR {BR} at (0,0) size 0x0
      RenderMenuList {SELECT} at (2,20) size 343x36 [bgcolor=#FFFFFF]
        RenderBlock (anonymous) at (5,5) size 322x26
          RenderText at (0,3) size 322x19
            text run at (0,3) width 322: "This text should be centered vertically in the button"
      RenderText {#text} at (347,28) size 4x19
        text run at (347,28) width 4: " "
      RenderBR {BR} at (0,0) size 0x0
      RenderButton {INPUT} at (2,60) size 338x27 [bgcolor=#C0C0C0] [border: (2px outset #C0C0C0)]
        RenderBlock (anonymous) at (8,4) size 322x18
          RenderText at (0,0) size 322x19
            text run at (0,0) width 322: "This text should be centered vertically in the button"
      RenderText {#text} at (342,64) size 4x19
        text run at (342,64) width 4: " "
      RenderBR {BR} at (0,0) size 0x0
      RenderTextControl {INPUT} at (2,91) size 166x24 [bgcolor=#FFFFFF] [border: (2px inset #000000)]
        RenderFlexibleBox {DIV} at (3,3) size 160x18
          RenderBlock {DIV} at (0,9) size 0x0
          RenderBlock {DIV} at (0,0) size 160x18
          RenderBlock {DIV} at (160,9) size 0x0
      RenderText {#text} at (0,0) size 0x0
layer at (13,102) size 160x18 scrollWidth 323 scrollHeight 19
  RenderBlock {DIV} at (0,0) size 160x18
    RenderText {#text} at (0,0) size 322x19
      text run at (0,0) width 322: "This text should be centered vertically in the button"
