layer at (0,0) size 800x600
  RenderView at (0,0) size 800x600
layer at (0,0) size 800x600
  RenderBlock {HTML} at (0,0) size 800x600
    RenderBody {BODY} at (8,8) size 784x584
      RenderText {#text} at (0,0) size 328x19
        text run at (0,0) width 328: "This tests that you can set the placeholder text color."
      RenderBR {BR} at (328,15) size 0x0
      RenderText {#text} at (185,49) size 4x19
        text run at (185,49) width 4: " "
      RenderText {#text} at (374,49) size 4x19
        text run at (374,49) width 4: " "
      RenderText {#text} at (563,49) size 4x19
        text run at (563,49) width 4: " "
      RenderText {#text} at (0,0) size 0x0
layer at (10,28) size 181x42 clip at (11,29) size 179x40
  RenderTextControl {TEXTAREA} at (2,20) size 181x42 [bgcolor=#FFFFFF] [border: (1px solid #000000)]
    RenderBlock {DIV} at (3,3) size 175x18
    RenderBlock {DIV} at (3,3) size 175x18 [color=#640000]
      RenderText {#text} at (0,0) size 23x19
        text run at (0,0) width 23: "text"
layer at (199,28) size 181x42 clip at (200,29) size 179x40
  RenderTextControl {TEXTAREA} at (191,20) size 181x42 [bgcolor=#FFFFFF] [border: (1px solid #000000)]
    RenderBlock {DIV} at (3,3) size 175x18 [color=#545454]
    RenderBlock {DIV} at (3,3) size 175x18 [color=#640000]
      RenderText {#text} at (0,0) size 79x19
        text run at (0,0) width 79: "disabled text"
layer at (388,28) size 181x42 clip at (389,29) size 179x40
  RenderTextControl {TEXTAREA} at (380,20) size 181x42 [bgcolor=#FFFFFF] [border: (1px solid #000000)]
    RenderBlock {DIV} at (3,3) size 175x18
    RenderBlock {DIV} at (3,3) size 175x18 [color=#A9A9A9]
      RenderText {#text} at (0,0) size 43x19
        text run at (0,0) width 43: "default"
layer at (577,28) size 181x42 clip at (578,29) size 179x40
  RenderTextControl {TEXTAREA} at (569,20) size 181x42 [bgcolor=#FFFFFF] [border: (1px solid #000000)]
    RenderBlock {DIV} at (3,3) size 175x18 [color=#545454]
    RenderBlock {DIV} at (3,3) size 175x18 [color=#A9A9A9]
      RenderText {#text} at (0,0) size 99x19
        text run at (0,0) width 99: "default disabled"
